// Jest Snapshot v1, https://goo.gl/fbAQLP

exports[`Card renders correctly 1`] = `
<a
  href="/vegas"
>
  <div
    className="flip-card"
  >
    <div
      className="flip-card-inner"
    >
      <div
        className="flip-card-front"
        style={
          Object {
            "backgroundImage": "url('https://adventures.bodiewebdesign.com/_photos/links/adventure1.jpg')",
            "backgroundPosition": "top",
            "backgroundSize": "cover",
          }
        }
      >
        <span />
        <h6>
          New
        </h6>
      </div>
      <div
        className="flip-card-back"
        style={
          Object {
            "backgroundColor": "blue",
          }
        }
      >
        <p
          style={
            Object {
              "color": "white",
              "fontWeight": "bold",
            }
          }
        >
          Random description
        </p>
        <p
          style={
            Object {
              "color": "white",
            }
          }
        >
          Visit: 
          September 15, 2019
           
        </p>
        <p
          style={
            Object {
              "color": "white",
            }
          }
        >
          Added: 
          September 15, 2019
        </p>
      </div>
    </div>
  </div>
</a>
`;
